[efilecoach.com/index.html]
[backblue.gif]
[fade.gif]
[index.html]
[efilecoach.com/Styles/Site.css]
[efilecoach.com/imagenes/favicon.ico]
[efilecoach.com/WebResource3af2.js]
[efilecoach.com/ScriptResourcea61c.js]
[efilecoach.com/ScriptResource8862.js]
[efilecoach.com/imagenes/logo_efile_coach.jpg]
[efilecoach.com/imagenes/bandera_espanol.jpg]
[efilecoach.com/imagenes/bandera_ingles.jpg]
[efilecoach.com/identificacion0904.html]
[efilecoach.com/imagenes/linea_horizontal_index_nuevo.jpg]
[efilecoach.com/imagenes/linea_testimonios.jpg]
[efilecoach.com/imagenes/imagen_euro.jpg]
[efilecoach.com/default.html]
[efilecoach.com/afiliados.html]
[efilecoach.com/caracteristicas.html]
[efilecoach.com/testimonios.html]
[efilecoach.com/beneficios.html]
[efilecoach.com/condiciones_generales.html]
[efilecoach.com/tarifas.html]
[efilecoach.com/informacion.html]
[efilecoach.com/faqs.html]
[efilecoach.com/aviso_legal.html]
[www.google-analytics.com/analytics.js]
[ajax.googleapis.com/ajax/libs/jquery/1.8.3/jquery.min.js]
[efilecoach.com/index.html]
[efilecoach.com/imagenes/fondo_web.png]
[efilecoach.com/imagenes/fondo_cabecera_nueva.png]
[efilecoach.com/imagenes/esquina_superior_izqda.jpg]
[efilecoach.com/imagenes/esquina_superior_dcha.jpg]
[efilecoach.com/imagenes/linea_superior.jpg]
[efilecoach.com/imagenes/linea_izqda.jpg]
[efilecoach.com/imagenes/linea_dcha.jpg]
[efilecoach.com/imagenes/esquina_inferior_izqda.jpg]
[efilecoach.com/imagenes/esquina_inferior_dcha.jpg]
[efilecoach.com/imagenes/linea_inferior.jpg]
[efilecoach.com/imagenes/fondo_caja_eres_coach_dcha.png]
[efilecoach.com/imagenes/14_dias_gratis.png]
[efilecoach.com/imagenes/14_dias_gratis_ingles.png]
[efilecoach.com/imagenes/boton_registrate_ya1.png]
[efilecoach.com/imagenes/boton_registrate_ya2.png]
[efilecoach.com/imagenes/boton_mas_informacion.jpg]
[efilecoach.com/imagenes/imagen_garantia.jpg]
[efilecoach.com/imagenes/icono_caracteristicas1.jpg]
[efilecoach.com/imagenes/icono_caracteristicas2.jpg]
[efilecoach.com/imagenes/icono_caracteristicas3.jpg]
[efilecoach.com/imagenes/icono_caracteristicas4.jpg]
[efilecoach.com/imagenes/icono_caracteristicas5.jpg]
[efilecoach.com/imagenes/icono_caracteristicas6.jpg]
[efilecoach.com/imagenes/icono_caracteristicas7.jpg]
[efilecoach.com/imagenes/icono_caracteristicas8.jpg]
[efilecoach.com/imagenes/imagen_testimonios.png]
[efilecoach.com/imagenes/icono_testimonios.jpg]
[efilecoach.com/imagenes/imagen_faqs.jpg]
[efilecoach.com/imagenes/imagen_beneficios.jpg]
[efilecoach.com/imagenes/icono_beneficios.jpg]
[efilecoach.com/imagenes/icono_beneficios2.jpg]
[efilecoach.com/imagenes/fondo_newsletter.png]
[efilecoach.com/imagenes/fondo_pie_nuevo.jpg]
[efilecoach.com/imagenes/imagen_menu_vertical_pie.jpg]
[efilecoach.com/imagenes/cabecera_faqs.png]
[efilecoach.com/imagenes/imagen_caja_azul_faqs.jpg]
[efilecoach.com/imagenes/cabecera_beneficios.png]
[efilecoach.com/imagenes/cabecera_beneficios_ingles.png]
[efilecoach.com/imagenes/linea_izqda_beneficios.jpg]
[efilecoach.com/imagenes/linea_dcha_beneficios.jpg]
[efilecoach.com/imagenes/icono_beneficios3.jpg]
[efilecoach.com/imagenes/fondo_precio_incomparable.png]
[efilecoach.com/imagenes/esquina_superior_izqda_blanca.png]
[efilecoach.com/imagenes/esquina_superior_dcha_blanca.png]
[efilecoach.com/imagenes/linea_superior_gris_claro.jpg]
[efilecoach.com/imagenes/esquina_inferior_izqda_blanca.png]
[efilecoach.com/imagenes/esquina_inferior_dcha_blanca.png]
[efilecoach.com/imagenes/linea_inferior_gris_claro.jpg]
[efilecoach.com/imagenes/fondo_beneficios.jpg]
[efilecoach.com/imagenes/cabecera_caracteristicas.jpg]
[efilecoach.com/imagenes/fondo_compara_tu_metodo.jpg]
[efilecoach.com/imagenes/cabecera_testimonios.png]
[efilecoach.com/imagenes/cabecera_testimonios_ingles.png]
[efilecoach.com/imagenes/fondo_cabecera.png]
[efilecoach.com/imagenes/fondo_cabecera_pago.png]
[efilecoach.com/imagenes/logo_efile_coach_personas.png]
[efilecoach.com/imagenes/logo_efile_coach_interior.jpg]
[efilecoach.com/imagenes/icono_version_completa.jpg]
[efilecoach.com/imagenes/icono_iniciar_sesion.jpg]
[efilecoach.com/imagenes/icono_cerrar_sesion.jpg]
[efilecoach.com/imagenes/icono_menu_herramientas_coach.png]
[efilecoach.com/imagenes/lupa.png]
[efilecoach.com/imagenes/fondo_cabecera_contenido.jpg]
[efilecoach.com/imagenes/icono_nuevo_registro.png]
[efilecoach.com/imagenes/fondo_detalle_contenido.jpg]
[efilecoach.com/imagenes/icono_editar.png]
[efilecoach.com/imagenes/icono_datos_personales.png]
[efilecoach.com/imagenes/icono_datos_representante_legal.png]
[efilecoach.com/imagenes/icono_datos_bancarios.png]
[efilecoach.com/imagenes/punto_rojo_listas.png]
[efilecoach.com/imagenes/esquina_superior_izqda_gris.png]
[efilecoach.com/imagenes/esquina_superior_dcha_gris.png]
[efilecoach.com/imagenes/linea_superior_gris.jpg]
[efilecoach.com/imagenes/linea_izqda_gris.jpg]
[efilecoach.com/imagenes/linea_dcha_gris.jpg]
[efilecoach.com/imagenes/esquina_inferior_izqda_gris.png]
[efilecoach.com/imagenes/esquina_inferior_izqda_transparente.png]
[efilecoach.com/imagenes/esquina_inferior_dcha_gris.png]
[efilecoach.com/imagenes/esquina_inferior_dcha_transparente.png]
[efilecoach.com/imagenes/linea_inferior_gris.jpg]
[efilecoach.com/imagenes/esquina_superior_izqda_transparente.png]
[efilecoach.com/imagenes/esquina_superior_dcha_transparente.png]
[efilecoach.com/imagenes/boton_mi_agenda1.png]
[efilecoach.com/imagenes/boton_mi_agenda2.png]
[efilecoach.com/imagenes/boton_mi_perfil1.png]
[efilecoach.com/imagenes/boton_mi_perfil2.png]
[efilecoach.com/imagenes/boton_mi_perfil_inactivo.png]
[efilecoach.com/imagenes/boton_mis_documentos1.png]
[efilecoach.com/imagenes/boton_mis_documentos2.png]
[efilecoach.com/imagenes/boton_mis_documentos_inactivo.png]
[efilecoach.com/imagenes/boton_mis_facturas1.png]
[efilecoach.com/imagenes/boton_mis_facturas2.png]
[efilecoach.com/imagenes/boton_mis_facturas_inactivo.png]
[efilecoach.com/imagenes/icono_manual_uso.png]
[efilecoach.com/imagenes/icono_ver_video.png]
[efilecoach.com/imagenes/icono_cambio_contrasena.png]
[efilecoach.com/imagenes/icono_baja.png]
[efilecoach.com/imagenes/fondo_contenidos.jpg]
[efilecoach.com/imagenes/icono_herramientas_coach.png]
[efilecoach.com/imagenes/linea_vertical_gris.jpg]
[efilecoach.com/imagenes/icono_mostrar_sesiones.png]
[efilecoach.com/imagenes/icono_mostrar_otros_eventos.png]
[efilecoach.com/imagenes/icono_mostrar_sesiones_coaches.png]
[efilecoach.com/imagenes/icono_mostrar_otros_eventos_coaches.png]
[efilecoach.com/imagenes/previous.png]
[efilecoach.com/imagenes/next.png]
[efilecoach.com/imagenes/first.png]
[efilecoach.com/imagenes/last.png]
[efilecoach.com/imagenes/fondo_pagina_error.png]
[efilecoach.com/imagenes/icono_cuenta_sincronizada.png]
[efilecoach.com/imagenes/icono_cuenta_no_sincronizada.png]
[efilecoach.com/imagenes/flechita_arriba.png]
[efilecoach.com/imagenes/flechita_abajo.png]
[efilecoach.com/Styles/Site.css]
[efilecoach.com/WebResource3af2.js]
[efilecoach.com/ScriptResourcea61c.js]
[efilecoach.com/ScriptResource8862.js]
[efilecoach.com/imagenes/signo_mas.jpg]
[efilecoach.com/identificacion0904.html]
[efilecoach.com/default.html]
[efilecoach.com/afiliados.html]
[efilecoach.com/identificacion.html]
[efilecoach.com/imagenes/icono_acceso_online.png]
[efilecoach.com/imagenes/icono_caracteristicas.png]
[efilecoach.com/imagenes/icono_confidencialidad.png]
[efilecoach.com/imagenes/icono_lopd.png]
[efilecoach.com/imagenes/icono_sincronizacion.png]
[efilecoach.com/imagenes/icono_facil_seguimiento.png]
[efilecoach.com/imagenes/icono_contratos.png]
[efilecoach.com/imagenes/icono_multiples_herramientas.png]
[efilecoach.com/imagenes/icono_facilidades_administrativas.png]
[efilecoach.com/imagenes/icono_facilidad_comunicacion.png]
[efilecoach.com/imagenes/icono_facilidades_seguimiento.png]
[efilecoach.com/imagenes/icono_posibilidad_alta.png]
[efilecoach.com/imagenes/icono_posibilidad_compartir.png]
[efilecoach.com/imagenes/icono_constante_evolucion.png]
[efilecoach.com/caracteristicas.html]
[efilecoach.com/imagenes/icono_persona_testimonio.jpg]
[efilecoach.com/imagenes/icono_vinetas_testimonio.jpg]
[efilecoach.com/imagenes/icono_email.jpg]
[efilecoach.com/imagenes/icono_twitter.jpg]
[efilecoach.com/imagenes/icono_facebook.jpg]
[efilecoach.com/imagenes/icono_movil.jpg]
[efilecoach.com/imagenes/linea_horizontal_testimonio.jpg]
[efilecoach.com/testimonios.html]
[efilecoach.com/beneficios.html]
[efilecoach.com/condiciones_generales.html]
[efilecoach.com/imagenes/icono_tarifas.png]
[efilecoach.com/tarifas.html]
[efilecoach.com/imagenes/volcado_escuela_ingles.jpg]
[efilecoach.com/imagenes/volcado_personal_ingles.jpg]
[efilecoach.com/imagenes/volcado_usuario_escuela_ingles.jpg]
[efilecoach.com/imagenes/volcado_documentos_generales_ingles.jpg]
[efilecoach.com/imagenes/volcado_actualizacion_coach_ingles.jpg]
[efilecoach.com/imagenes/volcado_sesiones_ingles.jpg]
[efilecoach.com/imagenes/volcado_herramientas_coach_ingles.jpg]
[efilecoach.com/imagenes/volcado_informe_sesion_ingles.jpg]
[efilecoach.com/imagenes/volcado_informe_global_evaluacion_360_ingles.jpg]
[efilecoach.com/informacion.html]
[efilecoach.com/imagenes/interrogantes_faqs.jpg]
[efilecoach.com/imagenes/linea_horizontal_faqs.jpg]
[efilecoach.com/faqs.html]
[efilecoach.com/aviso_legal.html]
[efilecoach.com/POST.html]
[efilecoach.com/Firefox/index.html]
[efilecoach.com/AppleWebKit/index.html]
[efilecoach.com/Opera/index.html]
[efilecoach.com/MicrosoftAjaxWebForms.html]
[efilecoach.com/MicrosoftAjaxSerialization.html]
[efilecoach.com/MicrosoftAjaxNetwork.html]
[efilecoach.com/identificacion.html]
